{
  "completeness_score_by_day": {
    "2023-06-21": 0.03125
  }
}
