{
  "completeness_score_by_day": {
    "2023-06-01": 1.0,
    "2023-06-02": 1.0,
    "2023-06-03": 0.25,
    "2023-06-04": 0.25,
    "2023-06-05": 0.95833,
    "2023-06-06": 1.0,
    "2023-06-07": 0.75,
    "2023-06-08": 1.0,
    "2023-06-09": 0.95833,
    "2023-06-10": 1.0,
    "2023-06-11": 0.95833,
    "2023-06-12": 1.0,
    "2023-06-13": 0.95833,
    "2023-06-14": 1.0,
    "2023-06-15": 0.625,
    "2023-06-16": 0.625,
    "2023-06-17": 0.95833,
    "2023-06-18": 1.0,
    "2023-06-19": 0.95833,
    "2023-06-20": 1.0,
    "2023-06-21": 1.0,
    "2023-06-22": 0.66667,
    "2023-06-23": 1.0,
    "2023-06-24": 0.95833,
    "2023-06-25": 1.0,
    "2023-06-26": 0.95833,
    "2023-06-27": 1.0,
    "2023-06-28": 0.91667,
    "2023-06-29": 0.58333,
    "2023-06-30": 1.0
  }
}